
> frontend-proyecto@0.0.0 start
> ng serve --host 127.0.0.1 --port 4200

> Building...
√ Building...
Initial chunk files | Names         |  Raw size
main.js             | main          |   3.67 kB | 
chunk-PZ5AY32C.js   | -             | 283 bytes | 
styles.css          | styles        |  95 bytes | 

                    | Initial total |   4.05 kB

Lazy chunk files    | Names         |  Raw size
chunk-NH7MJ7MO.js   | finanzas      |  33.44 kB | 
chunk-YDFDYANN.js   | prueba        |  22.98 kB | 
chunk-CEZ6KK4L.js   | centro-ayuda  |  17.65 kB | 
chunk-GDHY2OOS.js   | linea-ayuda   |  15.58 kB | 
chunk-GQPO5SPJ.js   | menu          |  12.34 kB | 
chunk-LPP5NFFA.js   | -             |   2.46 kB | 
chunk-JSH7MM3S.js   | educacion     |   2.02 kB | 
chunk-ENUTOKDY.js   | alianzas      |   2.00 kB | 

Application bundle generation complete. [1.896 seconds] - 2026-08-13T22:24:05.076Z

Watch mode enabled. Watching for file changes...
NOTE: Raw file sizes do not reflect development server per-request transformations.
[2m5:24:05 p. m.[22m [36m[1m[vite][22m[39m [90m[2m(client)[22m[39m Re-optimizing dependencies because vite config has changed
  [32m➜[39m  [1mLocal[22m:   [36mhttp://127.0.0.1:[1m4200[22m/[39m
[2m5:24:06 p. m.[22m [36m[1m[vite][22m[39m [90m[2m(client)[22m[39m [optimizer] bundling dependencies...
